error[E0277]: the trait bound `for<'de> Foo: Deserialize<'de>` is not satisfied
   --> tests/api_body_compile_tests/04_serialize_struct_only.rs:11:18
    |
11  |     let f: Foo = ApiBody::from_json_value(json!({
    |                  ^^^^^^^^^^^^^^^^^^^^^^^^ the trait `for<'de> Deserialize<'de>` is not implemented for `Foo`
    |
    = note: required because of the requirements on the impl of `DeserializeOwned` for `Foo`
note: required by `from_json_value`
   --> src/api/info.rs
    |
    | /     fn from_json_value(value: serde_json::Value) -> serde_json::Result<Self>
    | |     where Self: ::serde::de::DeserializeOwned {
    | |_____________________________________________^
